#-----------------------------------------------------------
# Vivado v2026.1 (64-bit)
# SW Build 6511674 on Tue Jun 16 11:01:26 MDT 2026
# IP Build 6504888 on Tue Jun 09 09:05:25 MDT 2026
# SharedData Build 6501428 on Mon Jun 08 17:34:18 MDT 2026
# Start of session at: Sat Sep 26 17:52:00 2026
# Process ID         : 98150
# Current directory  : /home/yovick/repos/UAZ-IEI/5to Semestre/arquitecturaDeComputadoras/vivado/compuertas/compuertas.runs/synth_1
# Command line       : vivado -log design_1_wrapper.vds -product Vivado -mode batch -messageDb vivado.pb -notrace -source design_1_wrapper.tcl
# Log file           : /home/yovick/repos/UAZ-IEI/5to Semestre/arquitecturaDeComputadoras/vivado/compuertas/compuertas.runs/synth_1/design_1_wrapper.vds
# Journal file       : /home/yovick/repos/UAZ-IEI/5to Semestre/arquitecturaDeComputadoras/vivado/compuertas/compuertas.runs/synth_1/vivado.jou
# Running On         : nixos-laptop
# Platform           : unknown
# Operating System   : unknown
# Processor Detail   : AMD Ryzen 5 PRO 5650U with Radeon Graphics
# CPU Frequency      : 2393.868 MHz
# CPU Physical cores : 6
# CPU Logical cores  : 12
# Host memory        : 15522 MB
# Swap memory        : 7761 MB
# Total Virtual      : 23283 MB
# Available Virtual  : 13733 MB
#-----------------------------------------------------------
source design_1_wrapper.tcl -notrace
